[     216ms] [ERROR] Failed to load resource: the server responded with a status of 404 (Not Found) @ http://localhost:6006/favicon.svg:0
[    1189ms] [WARNING] Backgrounds Addon: could not find the default color "velin".
These are the available colors for your story based on your configuration:
light, dark. @ http://localhost:6006/sb-manager/globals-runtime.js:6448
[    5855ms] [WARNING] Backgrounds Addon: could not find the default color "velin".
These are the available colors for your story based on your configuration:
light, dark. @ http://localhost:6006/sb-manager/globals-runtime.js:6448
[    5871ms] [ERROR] %o

%s

%s
 ReferenceError: React is not defined
    at meta.decorators (http://localhost:6006/@fs/Users/zibby/Workspace/z.i.b.b.y/apps/web/components/CardGrid/CardGrid.stories.tsx:12:49)
    at hookified (http://localhost:6006/@fs/Users/zibby/Workspace/z.i.b.b.y/node_modules/.cache/storybook/eb6cf026a80d0433158e6dea1b07e3c23b8b3b036fe0fcf00900cf15fcb0ebce/sb-vite/deps/storybook_internal_preview_runtime.js?v=b58dd5be:6119:13)
    at http://localhost:6006/@fs/Users/zibby/Workspace/z.i.b.b.y/node_modules/.cache/storybook/eb6cf026a80d0433158e6dea1b07e3c23b8b3b036fe0fcf00900cf15fcb0ebce/sb-vite/deps/storybook_internal_preview_runtime.js?v=b58dd5be:7368:17
    at http://localhost:6006/@fs/Users/zibby/Workspace/z.i.b.b.y/node_modules/.cache/storybook/eb6cf026a80d0433158e6dea1b07e3c23b8b3b036fe0fcf00900cf15fcb0ebce/sb-vite/deps/storybook_internal_preview_runtime.js?v=b58dd5be:7393:8
    at Object.react_stack_bottom_frame (http://localhost:6006/@fs/Users/zibby/Workspace/z.i.b.b.y/node_modules/.cache/storybook/eb6cf026a80d0433158e6dea1b07e3c23b8b3b036fe0fcf00900cf15fcb0ebce/sb-vite/deps/chunk-KRD7MNJD.js?v=b58dd5be:18509:20)
    at renderWithHooks (http://localhost:6006/@fs/Users/zibby/Workspace/z.i.b.b.y/node_modules/.cache/storybook/eb6cf026a80d0433158e6dea1b07e3c23b8b3b036fe0fcf00900cf15fcb0ebce/sb-vite/deps/chunk-KRD7MNJD.js?v=b58dd5be:5654:24)
    at updateFunctionComponent (http://localhost:6006/@fs/Users/zibby/Workspace/z.i.b.b.y/node_modules/.cache/storybook/eb6cf026a80d0433158e6dea1b07e3c23b8b3b036fe0fcf00900cf15fcb0ebce/sb-vite/deps/chunk-KRD7MNJD.js?v=b58dd5be:7475:21)
    at beginWork (http://localhost:6006/@fs/Users/zibby/Workspace/z.i.b.b.y/node_modules/.cache/storybook/eb6cf026a80d0433158e6dea1b07e3c23b8b3b036fe0fcf00900cf15fcb0ebce/sb-vite/deps/chunk-KRD7MNJD.js?v=b58dd5be:8525:20)
    at runWithFiberInDEV (http://localhost:6006/@fs/Users/zibby/Workspace/z.i.b.b.y/node_modules/.cache/storybook/eb6cf026a80d0433158e6dea1b07e3c23b8b3b036fe0fcf00900cf15fcb0ebce/sb-vite/deps/chunk-KRD7MNJD.js?v=b58dd5be:997:72)
    at performUnitOfWork (http://localhost:6006/@fs/Users/zibby/Workspace/z.i.b.b.y/node_modules/.cache/storybook/eb6cf026a80d0433158e6dea1b07e3c23b8b3b036fe0fcf00900cf15fcb0ebce/sb-vite/deps/chunk-KRD7MNJD.js?v=b58dd5be:12561:98) The above error occurred in one of your React components. React will try to recreate this component tree from scratch using the error boundary you provided, ErrorBoundary. @ http://localhost:6006/@fs/Users/zibby/Workspace/z.i.b.b.y/node_modules/.cache/storybook/eb6cf026a80d0433158e6dea1b07e3c23b8b3b036fe0fcf00900cf15fcb0ebce/sb-vite/deps/chunk-KRD7MNJD.js?v=b58dd5be:7000
[    5872ms] [ERROR] Error rendering story 'dashboard-cardgrid--default': @ http://localhost:6006/@fs/Users/zibby/Workspace/z.i.b.b.y/node_modules/.cache/storybook/eb6cf026a80d0433158e6dea1b07e3c23b8b3b036fe0fcf00900cf15fcb0ebce/sb-vite/deps/storybook_internal_preview_runtime.js?v=b58dd5be:4636
[    5872ms] [ERROR] ReferenceError: React is not defined
    at meta.decorators (http://localhost:6006/@fs/Users/zibby/Workspace/z.i.b.b.y/apps/web/components/CardGrid/CardGrid.stories.tsx:12:49)
    at hookified (http://localhost:6006/@fs/Users/zibby/Workspace/z.i.b.b.y/node_modules/.cache/storybook/eb6cf026a80d0433158e6dea1b07e3c23b8b3b036fe0fcf00900cf15fcb0ebce/sb-vite/deps/storybook_internal_preview_runtime.js?v=b58dd5be:6119:13)
    at http://localhost:6006/@fs/Users/zibby/Workspace/z.i.b.b.y/node_modules/.cache/storybook/eb6cf026a80d0433158e6dea1b07e3c23b8b3b036fe0fcf00900cf15fcb0ebce/sb-vite/deps/storybook_internal_preview_runtime.js?v=b58dd5be:7368:17
    at http://localhost:6006/@fs/Users/zibby/Workspace/z.i.b.b.y/node_modules/.cache/storybook/eb6cf026a80d0433158e6dea1b07e3c23b8b3b036fe0fcf00900cf15fcb0ebce/sb-vite/deps/storybook_internal_preview_runtime.js?v=b58dd5be:7393:8
    at Object.react_stack_bottom_frame (http://localhost:6006/@fs/Users/zibby/Workspace/z.i.b.b.y/node_modules/.cache/storybook/eb6cf026a80d0433158e6dea1b07e3c23b8b3b036fe0fcf00900cf15fcb0ebce/sb-vite/deps/chunk-KRD7MNJD.js?v=b58dd5be:18509:20)
    at renderWithHooks (http://localhost:6006/@fs/Users/zibby/Workspace/z.i.b.b.y/node_modules/.cache/storybook/eb6cf026a80d0433158e6dea1b07e3c23b8b3b036fe0fcf00900cf15fcb0ebce/sb-vite/deps/chunk-KRD7MNJD.js?v=b58dd5be:5654:24)
    at updateFunctionComponent (http://localhost:6006/@fs/Users/zibby/Workspace/z.i.b.b.y/node_modules/.cache/storybook/eb6cf026a80d0433158e6dea1b07e3c23b8b3b036fe0fcf00900cf15fcb0ebce/sb-vite/deps/chunk-KRD7MNJD.js?v=b58dd5be:7475:21)
    at beginWork (http://localhost:6006/@fs/Users/zibby/Workspace/z.i.b.b.y/node_modules/.cache/storybook/eb6cf026a80d0433158e6dea1b07e3c23b8b3b036fe0fcf00900cf15fcb0ebce/sb-vite/deps/chunk-KRD7MNJD.js?v=b58dd5be:8525:20)
    at runWithFiberInDEV (http://localhost:6006/@fs/Users/zibby/Workspace/z.i.b.b.y/node_modules/.cache/storybook/eb6cf026a80d0433158e6dea1b07e3c23b8b3b036fe0fcf00900cf15fcb0ebce/sb-vite/deps/chunk-KRD7MNJD.js?v=b58dd5be:997:72)
    at performUnitOfWork (http://localhost:6006/@fs/Users/zibby/Workspace/z.i.b.b.y/node_modules/.cache/storybook/eb6cf026a80d0433158e6dea1b07e3c23b8b3b036fe0fcf00900cf15fcb0ebce/sb-vite/deps/chunk-KRD7MNJD.js?v=b58dd5be:12561:98) @ http://localhost:6006/@fs/Users/zibby/Workspace/z.i.b.b.y/node_modules/.cache/storybook/eb6cf026a80d0433158e6dea1b07e3c23b8b3b036fe0fcf00900cf15fcb0ebce/sb-vite/deps/storybook_internal_preview_runtime.js?v=b58dd5be:4636
[    9197ms] [WARNING] Backgrounds Addon: could not find the default color "velin".
These are the available colors for your story based on your configuration:
light, dark. @ http://localhost:6006/sb-manager/globals-runtime.js:6448
[    9217ms] [ERROR] %o

%s

%s
 ReferenceError: React is not defined
    at meta.decorators (http://localhost:6006/@fs/Users/zibby/Workspace/z.i.b.b.y/apps/web/components/Collection/Collection.stories.tsx:12:49)
    at hookified (http://localhost:6006/@fs/Users/zibby/Workspace/z.i.b.b.y/node_modules/.cache/storybook/eb6cf026a80d0433158e6dea1b07e3c23b8b3b036fe0fcf00900cf15fcb0ebce/sb-vite/deps/storybook_internal_preview_runtime.js?v=b58dd5be:6119:13)
    at http://localhost:6006/@fs/Users/zibby/Workspace/z.i.b.b.y/node_modules/.cache/storybook/eb6cf026a80d0433158e6dea1b07e3c23b8b3b036fe0fcf00900cf15fcb0ebce/sb-vite/deps/storybook_internal_preview_runtime.js?v=b58dd5be:7368:17
    at http://localhost:6006/@fs/Users/zibby/Workspace/z.i.b.b.y/node_modules/.cache/storybook/eb6cf026a80d0433158e6dea1b07e3c23b8b3b036fe0fcf00900cf15fcb0ebce/sb-vite/deps/storybook_internal_preview_runtime.js?v=b58dd5be:7393:8
    at Object.react_stack_bottom_frame (http://localhost:6006/@fs/Users/zibby/Workspace/z.i.b.b.y/node_modules/.cache/storybook/eb6cf026a80d0433158e6dea1b07e3c23b8b3b036fe0fcf00900cf15fcb0ebce/sb-vite/deps/chunk-KRD7MNJD.js?v=b58dd5be:18509:20)
    at renderWithHooks (http://localhost:6006/@fs/Users/zibby/Workspace/z.i.b.b.y/node_modules/.cache/storybook/eb6cf026a80d0433158e6dea1b07e3c23b8b3b036fe0fcf00900cf15fcb0ebce/sb-vite/deps/chunk-KRD7MNJD.js?v=b58dd5be:5654:24)
    at updateFunctionComponent (http://localhost:6006/@fs/Users/zibby/Workspace/z.i.b.b.y/node_modules/.cache/storybook/eb6cf026a80d0433158e6dea1b07e3c23b8b3b036fe0fcf00900cf15fcb0ebce/sb-vite/deps/chunk-KRD7MNJD.js?v=b58dd5be:7475:21)
    at beginWork (http://localhost:6006/@fs/Users/zibby/Workspace/z.i.b.b.y/node_modules/.cache/storybook/eb6cf026a80d0433158e6dea1b07e3c23b8b3b036fe0fcf00900cf15fcb0ebce/sb-vite/deps/chunk-KRD7MNJD.js?v=b58dd5be:8525:20)
    at runWithFiberInDEV (http://localhost:6006/@fs/Users/zibby/Workspace/z.i.b.b.y/node_modules/.cache/storybook/eb6cf026a80d0433158e6dea1b07e3c23b8b3b036fe0fcf00900cf15fcb0ebce/sb-vite/deps/chunk-KRD7MNJD.js?v=b58dd5be:997:72)
    at performUnitOfWork (http://localhost:6006/@fs/Users/zibby/Workspace/z.i.b.b.y/node_modules/.cache/storybook/eb6cf026a80d0433158e6dea1b07e3c23b8b3b036fe0fcf00900cf15fcb0ebce/sb-vite/deps/chunk-KRD7MNJD.js?v=b58dd5be:12561:98) The above error occurred in one of your React components. React will try to recreate this component tree from scratch using the error boundary you provided, ErrorBoundary. @ http://localhost:6006/@fs/Users/zibby/Workspace/z.i.b.b.y/node_modules/.cache/storybook/eb6cf026a80d0433158e6dea1b07e3c23b8b3b036fe0fcf00900cf15fcb0ebce/sb-vite/deps/chunk-KRD7MNJD.js?v=b58dd5be:7000
[    9217ms] [ERROR] Error rendering story 'dashboard-collection--filled': @ http://localhost:6006/@fs/Users/zibby/Workspace/z.i.b.b.y/node_modules/.cache/storybook/eb6cf026a80d0433158e6dea1b07e3c23b8b3b036fe0fcf00900cf15fcb0ebce/sb-vite/deps/storybook_internal_preview_runtime.js?v=b58dd5be:4636
[    9218ms] [ERROR] ReferenceError: React is not defined
    at meta.decorators (http://localhost:6006/@fs/Users/zibby/Workspace/z.i.b.b.y/apps/web/components/Collection/Collection.stories.tsx:12:49)
    at hookified (http://localhost:6006/@fs/Users/zibby/Workspace/z.i.b.b.y/node_modules/.cache/storybook/eb6cf026a80d0433158e6dea1b07e3c23b8b3b036fe0fcf00900cf15fcb0ebce/sb-vite/deps/storybook_internal_preview_runtime.js?v=b58dd5be:6119:13)
    at http://localhost:6006/@fs/Users/zibby/Workspace/z.i.b.b.y/node_modules/.cache/storybook/eb6cf026a80d0433158e6dea1b07e3c23b8b3b036fe0fcf00900cf15fcb0ebce/sb-vite/deps/storybook_internal_preview_runtime.js?v=b58dd5be:7368:17
    at http://localhost:6006/@fs/Users/zibby/Workspace/z.i.b.b.y/node_modules/.cache/storybook/eb6cf026a80d0433158e6dea1b07e3c23b8b3b036fe0fcf00900cf15fcb0ebce/sb-vite/deps/storybook_internal_preview_runtime.js?v=b58dd5be:7393:8
    at Object.react_stack_bottom_frame (http://localhost:6006/@fs/Users/zibby/Workspace/z.i.b.b.y/node_modules/.cache/storybook/eb6cf026a80d0433158e6dea1b07e3c23b8b3b036fe0fcf00900cf15fcb0ebce/sb-vite/deps/chunk-KRD7MNJD.js?v=b58dd5be:18509:20)
    at renderWithHooks (http://localhost:6006/@fs/Users/zibby/Workspace/z.i.b.b.y/node_modules/.cache/storybook/eb6cf026a80d0433158e6dea1b07e3c23b8b3b036fe0fcf00900cf15fcb0ebce/sb-vite/deps/chunk-KRD7MNJD.js?v=b58dd5be:5654:24)
    at updateFunctionComponent (http://localhost:6006/@fs/Users/zibby/Workspace/z.i.b.b.y/node_modules/.cache/storybook/eb6cf026a80d0433158e6dea1b07e3c23b8b3b036fe0fcf00900cf15fcb0ebce/sb-vite/deps/chunk-KRD7MNJD.js?v=b58dd5be:7475:21)
    at beginWork (http://localhost:6006/@fs/Users/zibby/Workspace/z.i.b.b.y/node_modules/.cache/storybook/eb6cf026a80d0433158e6dea1b07e3c23b8b3b036fe0fcf00900cf15fcb0ebce/sb-vite/deps/chunk-KRD7MNJD.js?v=b58dd5be:8525:20)
    at runWithFiberInDEV (http://localhost:6006/@fs/Users/zibby/Workspace/z.i.b.b.y/node_modules/.cache/storybook/eb6cf026a80d0433158e6dea1b07e3c23b8b3b036fe0fcf00900cf15fcb0ebce/sb-vite/deps/chunk-KRD7MNJD.js?v=b58dd5be:997:72)
    at performUnitOfWork (http://localhost:6006/@fs/Users/zibby/Workspace/z.i.b.b.y/node_modules/.cache/storybook/eb6cf026a80d0433158e6dea1b07e3c23b8b3b036fe0fcf00900cf15fcb0ebce/sb-vite/deps/chunk-KRD7MNJD.js?v=b58dd5be:12561:98) @ http://localhost:6006/@fs/Users/zibby/Workspace/z.i.b.b.y/node_modules/.cache/storybook/eb6cf026a80d0433158e6dea1b07e3c23b8b3b036fe0fcf00900cf15fcb0ebce/sb-vite/deps/storybook_internal_preview_runtime.js?v=b58dd5be:4636
[   11288ms] [WARNING] Backgrounds Addon: could not find the default color "velin".
These are the available colors for your story based on your configuration:
light, dark. @ http://localhost:6006/sb-manager/globals-runtime.js:6448
[   11317ms] [WARNING] Backgrounds Addon: could not find the default color "velin".
These are the available colors for your story based on your configuration:
light, dark. @ http://localhost:6006/sb-manager/globals-runtime.js:6448
[   11327ms] [ERROR] %o

%s

%s
 ReferenceError: React is not defined
    at meta.decorators (http://localhost:6006/@fs/Users/zibby/Workspace/z.i.b.b.y/apps/web/components/CardGrid/CardGrid.stories.tsx:12:49)
    at hookified (http://localhost:6006/@fs/Users/zibby/Workspace/z.i.b.b.y/node_modules/.cache/storybook/eb6cf026a80d0433158e6dea1b07e3c23b8b3b036fe0fcf00900cf15fcb0ebce/sb-vite/deps/storybook_internal_preview_runtime.js?v=b58dd5be:6119:13)
    at http://localhost:6006/@fs/Users/zibby/Workspace/z.i.b.b.y/node_modules/.cache/storybook/eb6cf026a80d0433158e6dea1b07e3c23b8b3b036fe0fcf00900cf15fcb0ebce/sb-vite/deps/storybook_internal_preview_runtime.js?v=b58dd5be:7368:17
    at http://localhost:6006/@fs/Users/zibby/Workspace/z.i.b.b.y/node_modules/.cache/storybook/eb6cf026a80d0433158e6dea1b07e3c23b8b3b036fe0fcf00900cf15fcb0ebce/sb-vite/deps/storybook_internal_preview_runtime.js?v=b58dd5be:7393:8
    at Object.react_stack_bottom_frame (http://localhost:6006/@fs/Users/zibby/Workspace/z.i.b.b.y/node_modules/.cache/storybook/eb6cf026a80d0433158e6dea1b07e3c23b8b3b036fe0fcf00900cf15fcb0ebce/sb-vite/deps/chunk-KRD7MNJD.js?v=b58dd5be:18509:20)
    at renderWithHooks (http://localhost:6006/@fs/Users/zibby/Workspace/z.i.b.b.y/node_modules/.cache/storybook/eb6cf026a80d0433158e6dea1b07e3c23b8b3b036fe0fcf00900cf15fcb0ebce/sb-vite/deps/chunk-KRD7MNJD.js?v=b58dd5be:5654:24)
    at updateFunctionComponent (http://localhost:6006/@fs/Users/zibby/Workspace/z.i.b.b.y/node_modules/.cache/storybook/eb6cf026a80d0433158e6dea1b07e3c23b8b3b036fe0fcf00900cf15fcb0ebce/sb-vite/deps/chunk-KRD7MNJD.js?v=b58dd5be:7475:21)
    at beginWork (http://localhost:6006/@fs/Users/zibby/Workspace/z.i.b.b.y/node_modules/.cache/storybook/eb6cf026a80d0433158e6dea1b07e3c23b8b3b036fe0fcf00900cf15fcb0ebce/sb-vite/deps/chunk-KRD7MNJD.js?v=b58dd5be:8525:20)
    at runWithFiberInDEV (http://localhost:6006/@fs/Users/zibby/Workspace/z.i.b.b.y/node_modules/.cache/storybook/eb6cf026a80d0433158e6dea1b07e3c23b8b3b036fe0fcf00900cf15fcb0ebce/sb-vite/deps/chunk-KRD7MNJD.js?v=b58dd5be:997:72)
    at performUnitOfWork (http://localhost:6006/@fs/Users/zibby/Workspace/z.i.b.b.y/node_modules/.cache/storybook/eb6cf026a80d0433158e6dea1b07e3c23b8b3b036fe0fcf00900cf15fcb0ebce/sb-vite/deps/chunk-KRD7MNJD.js?v=b58dd5be:12561:98) The above error occurred in one of your React components. React will try to recreate this component tree from scratch using the error boundary you provided, ErrorBoundary. @ http://localhost:6006/@fs/Users/zibby/Workspace/z.i.b.b.y/node_modules/.cache/storybook/eb6cf026a80d0433158e6dea1b07e3c23b8b3b036fe0fcf00900cf15fcb0ebce/sb-vite/deps/chunk-KRD7MNJD.js?v=b58dd5be:7000
[   11327ms] [ERROR] Error rendering story 'dashboard-cardgrid--default': @ http://localhost:6006/@fs/Users/zibby/Workspace/z.i.b.b.y/node_modules/.cache/storybook/eb6cf026a80d0433158e6dea1b07e3c23b8b3b036fe0fcf00900cf15fcb0ebce/sb-vite/deps/storybook_internal_preview_runtime.js?v=b58dd5be:4636
[   11327ms] [ERROR] ReferenceError: React is not defined
    at meta.decorators (http://localhost:6006/@fs/Users/zibby/Workspace/z.i.b.b.y/apps/web/components/CardGrid/CardGrid.stories.tsx:12:49)
    at hookified (http://localhost:6006/@fs/Users/zibby/Workspace/z.i.b.b.y/node_modules/.cache/storybook/eb6cf026a80d0433158e6dea1b07e3c23b8b3b036fe0fcf00900cf15fcb0ebce/sb-vite/deps/storybook_internal_preview_runtime.js?v=b58dd5be:6119:13)
    at http://localhost:6006/@fs/Users/zibby/Workspace/z.i.b.b.y/node_modules/.cache/storybook/eb6cf026a80d0433158e6dea1b07e3c23b8b3b036fe0fcf00900cf15fcb0ebce/sb-vite/deps/storybook_internal_preview_runtime.js?v=b58dd5be:7368:17
    at http://localhost:6006/@fs/Users/zibby/Workspace/z.i.b.b.y/node_modules/.cache/storybook/eb6cf026a80d0433158e6dea1b07e3c23b8b3b036fe0fcf00900cf15fcb0ebce/sb-vite/deps/storybook_internal_preview_runtime.js?v=b58dd5be:7393:8
    at Object.react_stack_bottom_frame (http://localhost:6006/@fs/Users/zibby/Workspace/z.i.b.b.y/node_modules/.cache/storybook/eb6cf026a80d0433158e6dea1b07e3c23b8b3b036fe0fcf00900cf15fcb0ebce/sb-vite/deps/chunk-KRD7MNJD.js?v=b58dd5be:18509:20)
    at renderWithHooks (http://localhost:6006/@fs/Users/zibby/Workspace/z.i.b.b.y/node_modules/.cache/storybook/eb6cf026a80d0433158e6dea1b07e3c23b8b3b036fe0fcf00900cf15fcb0ebce/sb-vite/deps/chunk-KRD7MNJD.js?v=b58dd5be:5654:24)
    at updateFunctionComponent (http://localhost:6006/@fs/Users/zibby/Workspace/z.i.b.b.y/node_modules/.cache/storybook/eb6cf026a80d0433158e6dea1b07e3c23b8b3b036fe0fcf00900cf15fcb0ebce/sb-vite/deps/chunk-KRD7MNJD.js?v=b58dd5be:7475:21)
    at beginWork (http://localhost:6006/@fs/Users/zibby/Workspace/z.i.b.b.y/node_modules/.cache/storybook/eb6cf026a80d0433158e6dea1b07e3c23b8b3b036fe0fcf00900cf15fcb0ebce/sb-vite/deps/chunk-KRD7MNJD.js?v=b58dd5be:8525:20)
    at runWithFiberInDEV (http://localhost:6006/@fs/Users/zibby/Workspace/z.i.b.b.y/node_modules/.cache/storybook/eb6cf026a80d0433158e6dea1b07e3c23b8b3b036fe0fcf00900cf15fcb0ebce/sb-vite/deps/chunk-KRD7MNJD.js?v=b58dd5be:997:72)
    at performUnitOfWork (http://localhost:6006/@fs/Users/zibby/Workspace/z.i.b.b.y/node_modules/.cache/storybook/eb6cf026a80d0433158e6dea1b07e3c23b8b3b036fe0fcf00900cf15fcb0ebce/sb-vite/deps/chunk-KRD7MNJD.js?v=b58dd5be:12561:98) @ http://localhost:6006/@fs/Users/zibby/Workspace/z.i.b.b.y/node_modules/.cache/storybook/eb6cf026a80d0433158e6dea1b07e3c23b8b3b036fe0fcf00900cf15fcb0ebce/sb-vite/deps/storybook_internal_preview_runtime.js?v=b58dd5be:4636
