[     392ms] [INFO] %cDownload the React DevTools for a better development experience: https://react.dev/link/react-devtools font-weight:bold @ webpack-internal:///(app-pages-browser)/../../node_modules/.pnpm/next@15.5.18_@babel+core@7.29.7_@playwright+test@1.60.0_react-dom@19.2.6_react@19.2.6__react@19.2.6/node_modules/next/dist/compiled/react-dom/cjs/react-dom-client.development.js:25630
[     611ms] [ERROR] Failed to load resource: the server responded with a status of 404 (Not Found) @ http://localhost:3001/favicon.ico:0
[     624ms] [ERROR] Access to fetch at 'http://localhost:3333/api/health' from origin 'http://localhost:3001' has been blocked by CORS policy: No 'Access-Control-Allow-Origin' header is present on the requested resource. @ http://localhost:3001/settings:0
[     624ms] [ERROR] Failed to load resource: net::ERR_FAILED @ http://localhost:3333/api/health:0
[     628ms] [ERROR] Access to fetch at 'http://localhost:3333/api/approvals?status=pending' from origin 'http://localhost:3001' has been blocked by CORS policy: The 'Access-Control-Allow-Origin' header has a value 'http://localhost:3000' that is not equal to the supplied origin. Have the server send the header with a valid value. @ http://localhost:3001/settings:0
[     628ms] [ERROR] Failed to load resource: net::ERR_FAILED @ http://localhost:3333/api/approvals?status=pending:0
[    1634ms] [ERROR] Access to fetch at 'http://localhost:3333/api/approvals?status=pending' from origin 'http://localhost:3001' has been blocked by CORS policy: The 'Access-Control-Allow-Origin' header has a value 'http://localhost:3000' that is not equal to the supplied origin. Have the server send the header with a valid value. @ http://localhost:3001/settings:0
[    1634ms] [ERROR] Failed to load resource: net::ERR_FAILED @ http://localhost:3333/api/approvals?status=pending:0
[    3638ms] [ERROR] Access to fetch at 'http://localhost:3333/api/approvals?status=pending' from origin 'http://localhost:3001' has been blocked by CORS policy: The 'Access-Control-Allow-Origin' header has a value 'http://localhost:3000' that is not equal to the supplied origin. Have the server send the header with a valid value. @ http://localhost:3001/settings:0
[    3638ms] [ERROR] Failed to load resource: net::ERR_FAILED @ http://localhost:3333/api/approvals?status=pending:0
[    7647ms] [ERROR] Access to fetch at 'http://localhost:3333/api/approvals?status=pending' from origin 'http://localhost:3001' has been blocked by CORS policy: The 'Access-Control-Allow-Origin' header has a value 'http://localhost:3000' that is not equal to the supplied origin. Have the server send the header with a valid value. @ http://localhost:3001/settings:0
[    7647ms] [ERROR] Failed to load resource: net::ERR_FAILED @ http://localhost:3333/api/approvals?status=pending:0
[    9662ms] [ERROR] Access to fetch at 'http://localhost:3333/api/approvals?status=pending' from origin 'http://localhost:3001' has been blocked by CORS policy: The 'Access-Control-Allow-Origin' header has a value 'http://localhost:3000' that is not equal to the supplied origin. Have the server send the header with a valid value. @ http://localhost:3001/settings:0
[    9662ms] [ERROR] Failed to load resource: net::ERR_FAILED @ http://localhost:3333/api/approvals?status=pending:0
[   10637ms] [ERROR] Access to fetch at 'http://localhost:3333/api/health' from origin 'http://localhost:3001' has been blocked by CORS policy: No 'Access-Control-Allow-Origin' header is present on the requested resource. @ http://localhost:3001/settings:0
[   10637ms] [ERROR] Failed to load resource: net::ERR_FAILED @ http://localhost:3333/api/health:0
[   10668ms] [ERROR] Access to fetch at 'http://localhost:3333/api/approvals?status=pending' from origin 'http://localhost:3001' has been blocked by CORS policy: The 'Access-Control-Allow-Origin' header has a value 'http://localhost:3000' that is not equal to the supplied origin. Have the server send the header with a valid value. @ http://localhost:3001/settings:0
[   10669ms] [ERROR] Failed to load resource: net::ERR_FAILED @ http://localhost:3333/api/approvals?status=pending:0
[   12675ms] [ERROR] Access to fetch at 'http://localhost:3333/api/approvals?status=pending' from origin 'http://localhost:3001' has been blocked by CORS policy: The 'Access-Control-Allow-Origin' header has a value 'http://localhost:3000' that is not equal to the supplied origin. Have the server send the header with a valid value. @ http://localhost:3001/settings:0
[   12675ms] [ERROR] Failed to load resource: net::ERR_FAILED @ http://localhost:3333/api/approvals?status=pending:0
[   16685ms] [ERROR] Access to fetch at 'http://localhost:3333/api/approvals?status=pending' from origin 'http://localhost:3001' has been blocked by CORS policy: The 'Access-Control-Allow-Origin' header has a value 'http://localhost:3000' that is not equal to the supplied origin. Have the server send the header with a valid value. @ http://localhost:3001/settings:0
[   16686ms] [ERROR] Failed to load resource: net::ERR_FAILED @ http://localhost:3333/api/approvals?status=pending:0
[   18695ms] [ERROR] Access to fetch at 'http://localhost:3333/api/approvals?status=pending' from origin 'http://localhost:3001' has been blocked by CORS policy: The 'Access-Control-Allow-Origin' header has a value 'http://localhost:3000' that is not equal to the supplied origin. Have the server send the header with a valid value. @ http://localhost:3001/settings:0
[   18695ms] [ERROR] Failed to load resource: net::ERR_FAILED @ http://localhost:3333/api/approvals?status=pending:0
[   19703ms] [ERROR] Access to fetch at 'http://localhost:3333/api/approvals?status=pending' from origin 'http://localhost:3001' has been blocked by CORS policy: The 'Access-Control-Allow-Origin' header has a value 'http://localhost:3000' that is not equal to the supplied origin. Have the server send the header with a valid value. @ http://localhost:3001/settings:0
[   19703ms] [ERROR] Failed to load resource: net::ERR_FAILED @ http://localhost:3333/api/approvals?status=pending:0
[   20646ms] [ERROR] Access to fetch at 'http://localhost:3333/api/health' from origin 'http://localhost:3001' has been blocked by CORS policy: No 'Access-Control-Allow-Origin' header is present on the requested resource. @ http://localhost:3001/settings:0
[   20646ms] [ERROR] Failed to load resource: net::ERR_FAILED @ http://localhost:3333/api/health:0
[   21711ms] [ERROR] Access to fetch at 'http://localhost:3333/api/approvals?status=pending' from origin 'http://localhost:3001' has been blocked by CORS policy: The 'Access-Control-Allow-Origin' header has a value 'http://localhost:3000' that is not equal to the supplied origin. Have the server send the header with a valid value. @ http://localhost:3001/settings:0
[   21711ms] [ERROR] Failed to load resource: net::ERR_FAILED @ http://localhost:3333/api/approvals?status=pending:0
[   25719ms] [ERROR] Access to fetch at 'http://localhost:3333/api/approvals?status=pending' from origin 'http://localhost:3001' has been blocked by CORS policy: The 'Access-Control-Allow-Origin' header has a value 'http://localhost:3000' that is not equal to the supplied origin. Have the server send the header with a valid value. @ http://localhost:3001/settings:0
[   25719ms] [ERROR] Failed to load resource: net::ERR_FAILED @ http://localhost:3333/api/approvals?status=pending:0
[   27734ms] [ERROR] Access to fetch at 'http://localhost:3333/api/approvals?status=pending' from origin 'http://localhost:3001' has been blocked by CORS policy: The 'Access-Control-Allow-Origin' header has a value 'http://localhost:3000' that is not equal to the supplied origin. Have the server send the header with a valid value. @ http://localhost:3001/settings:0
[   27734ms] [ERROR] Failed to load resource: net::ERR_FAILED @ http://localhost:3333/api/approvals?status=pending:0
[   28743ms] [ERROR] Access to fetch at 'http://localhost:3333/api/approvals?status=pending' from origin 'http://localhost:3001' has been blocked by CORS policy: The 'Access-Control-Allow-Origin' header has a value 'http://localhost:3000' that is not equal to the supplied origin. Have the server send the header with a valid value. @ http://localhost:3001/settings:0
[   28743ms] [ERROR] Failed to load resource: net::ERR_FAILED @ http://localhost:3333/api/approvals?status=pending:0
[   30658ms] [ERROR] Access to fetch at 'http://localhost:3333/api/health' from origin 'http://localhost:3001' has been blocked by CORS policy: No 'Access-Control-Allow-Origin' header is present on the requested resource. @ http://localhost:3001/settings:0
[   30658ms] [ERROR] Failed to load resource: net::ERR_FAILED @ http://localhost:3333/api/health:0
[   30749ms] [ERROR] Access to fetch at 'http://localhost:3333/api/approvals?status=pending' from origin 'http://localhost:3001' has been blocked by CORS policy: The 'Access-Control-Allow-Origin' header has a value 'http://localhost:3000' that is not equal to the supplied origin. Have the server send the header with a valid value. @ http://localhost:3001/settings:0
[   30749ms] [ERROR] Failed to load resource: net::ERR_FAILED @ http://localhost:3333/api/approvals?status=pending:0
[   34758ms] [ERROR] Access to fetch at 'http://localhost:3333/api/approvals?status=pending' from origin 'http://localhost:3001' has been blocked by CORS policy: The 'Access-Control-Allow-Origin' header has a value 'http://localhost:3000' that is not equal to the supplied origin. Have the server send the header with a valid value. @ http://localhost:3001/settings:0
[   34759ms] [ERROR] Failed to load resource: net::ERR_FAILED @ http://localhost:3333/api/approvals?status=pending:0
[   36772ms] [ERROR] Access to fetch at 'http://localhost:3333/api/approvals?status=pending' from origin 'http://localhost:3001' has been blocked by CORS policy: The 'Access-Control-Allow-Origin' header has a value 'http://localhost:3000' that is not equal to the supplied origin. Have the server send the header with a valid value. @ http://localhost:3001/settings:0
[   36772ms] [ERROR] Failed to load resource: net::ERR_FAILED @ http://localhost:3333/api/approvals?status=pending:0
[   37779ms] [ERROR] Access to fetch at 'http://localhost:3333/api/approvals?status=pending' from origin 'http://localhost:3001' has been blocked by CORS policy: The 'Access-Control-Allow-Origin' header has a value 'http://localhost:3000' that is not equal to the supplied origin. Have the server send the header with a valid value. @ http://localhost:3001/settings:0
[   37779ms] [ERROR] Failed to load resource: net::ERR_FAILED @ http://localhost:3333/api/approvals?status=pending:0
[   39788ms] [ERROR] Access to fetch at 'http://localhost:3333/api/approvals?status=pending' from origin 'http://localhost:3001' has been blocked by CORS policy: The 'Access-Control-Allow-Origin' header has a value 'http://localhost:3000' that is not equal to the supplied origin. Have the server send the header with a valid value. @ http://localhost:3001/settings:0
[   39788ms] [ERROR] Failed to load resource: net::ERR_FAILED @ http://localhost:3333/api/approvals?status=pending:0
[   40667ms] [ERROR] Access to fetch at 'http://localhost:3333/api/health' from origin 'http://localhost:3001' has been blocked by CORS policy: No 'Access-Control-Allow-Origin' header is present on the requested resource. @ http://localhost:3001/settings:0
[   40667ms] [ERROR] Failed to load resource: net::ERR_FAILED @ http://localhost:3333/api/health:0
[   43802ms] [ERROR] Access to fetch at 'http://localhost:3333/api/approvals?status=pending' from origin 'http://localhost:3001' has been blocked by CORS policy: The 'Access-Control-Allow-Origin' header has a value 'http://localhost:3000' that is not equal to the supplied origin. Have the server send the header with a valid value. @ http://localhost:3001/settings:0
[   43802ms] [ERROR] Failed to load resource: net::ERR_FAILED @ http://localhost:3333/api/approvals?status=pending:0
[   45816ms] [ERROR] Access to fetch at 'http://localhost:3333/api/approvals?status=pending' from origin 'http://localhost:3001' has been blocked by CORS policy: The 'Access-Control-Allow-Origin' header has a value 'http://localhost:3000' that is not equal to the supplied origin. Have the server send the header with a valid value. @ http://localhost:3001/settings:0
[   45816ms] [ERROR] Failed to load resource: net::ERR_FAILED @ http://localhost:3333/api/approvals?status=pending:0
[   46824ms] [ERROR] Access to fetch at 'http://localhost:3333/api/approvals?status=pending' from origin 'http://localhost:3001' has been blocked by CORS policy: The 'Access-Control-Allow-Origin' header has a value 'http://localhost:3000' that is not equal to the supplied origin. Have the server send the header with a valid value. @ http://localhost:3001/settings:0
[   46824ms] [ERROR] Failed to load resource: net::ERR_FAILED @ http://localhost:3333/api/approvals?status=pending:0
[   48833ms] [ERROR] Access to fetch at 'http://localhost:3333/api/approvals?status=pending' from origin 'http://localhost:3001' has been blocked by CORS policy: The 'Access-Control-Allow-Origin' header has a value 'http://localhost:3000' that is not equal to the supplied origin. Have the server send the header with a valid value. @ http://localhost:3001/settings:0
[   48833ms] [ERROR] Failed to load resource: net::ERR_FAILED @ http://localhost:3333/api/approvals?status=pending:0
[   50677ms] [ERROR] Access to fetch at 'http://localhost:3333/api/health' from origin 'http://localhost:3001' has been blocked by CORS policy: No 'Access-Control-Allow-Origin' header is present on the requested resource. @ http://localhost:3001/settings:0
[   50677ms] [ERROR] Failed to load resource: net::ERR_FAILED @ http://localhost:3333/api/health:0
[   52844ms] [ERROR] Access to fetch at 'http://localhost:3333/api/approvals?status=pending' from origin 'http://localhost:3001' has been blocked by CORS policy: The 'Access-Control-Allow-Origin' header has a value 'http://localhost:3000' that is not equal to the supplied origin. Have the server send the header with a valid value. @ http://localhost:3001/settings:0
[   52844ms] [ERROR] Failed to load resource: net::ERR_FAILED @ http://localhost:3333/api/approvals?status=pending:0
[   54859ms] [ERROR] Access to fetch at 'http://localhost:3333/api/approvals?status=pending' from origin 'http://localhost:3001' has been blocked by CORS policy: The 'Access-Control-Allow-Origin' header has a value 'http://localhost:3000' that is not equal to the supplied origin. Have the server send the header with a valid value. @ http://localhost:3001/settings:0
[   54859ms] [ERROR] Failed to load resource: net::ERR_FAILED @ http://localhost:3333/api/approvals?status=pending:0
[   55867ms] [ERROR] Access to fetch at 'http://localhost:3333/api/approvals?status=pending' from origin 'http://localhost:3001' has been blocked by CORS policy: The 'Access-Control-Allow-Origin' header has a value 'http://localhost:3000' that is not equal to the supplied origin. Have the server send the header with a valid value. @ http://localhost:3001/settings:0
[   55867ms] [ERROR] Failed to load resource: net::ERR_FAILED @ http://localhost:3333/api/approvals?status=pending:0
[   57874ms] [ERROR] Access to fetch at 'http://localhost:3333/api/approvals?status=pending' from origin 'http://localhost:3001' has been blocked by CORS policy: The 'Access-Control-Allow-Origin' header has a value 'http://localhost:3000' that is not equal to the supplied origin. Have the server send the header with a valid value. @ http://localhost:3001/settings:0
[   57874ms] [ERROR] Failed to load resource: net::ERR_FAILED @ http://localhost:3333/api/approvals?status=pending:0
[   60691ms] [ERROR] Access to fetch at 'http://localhost:3333/api/health' from origin 'http://localhost:3001' has been blocked by CORS policy: No 'Access-Control-Allow-Origin' header is present on the requested resource. @ http://localhost:3001/settings:0
[   60691ms] [ERROR] Failed to load resource: net::ERR_FAILED @ http://localhost:3333/api/health:0
[   61883ms] [ERROR] Access to fetch at 'http://localhost:3333/api/approvals?status=pending' from origin 'http://localhost:3001' has been blocked by CORS policy: The 'Access-Control-Allow-Origin' header has a value 'http://localhost:3000' that is not equal to the supplied origin. Have the server send the header with a valid value. @ http://localhost:3001/settings:0
[   61883ms] [ERROR] Failed to load resource: net::ERR_FAILED @ http://localhost:3333/api/approvals?status=pending:0
[   63898ms] [ERROR] Access to fetch at 'http://localhost:3333/api/approvals?status=pending' from origin 'http://localhost:3001' has been blocked by CORS policy: The 'Access-Control-Allow-Origin' header has a value 'http://localhost:3000' that is not equal to the supplied origin. Have the server send the header with a valid value. @ http://localhost:3001/settings:0
[   63898ms] [ERROR] Failed to load resource: net::ERR_FAILED @ http://localhost:3333/api/approvals?status=pending:0
[   64906ms] [ERROR] Access to fetch at 'http://localhost:3333/api/approvals?status=pending' from origin 'http://localhost:3001' has been blocked by CORS policy: The 'Access-Control-Allow-Origin' header has a value 'http://localhost:3000' that is not equal to the supplied origin. Have the server send the header with a valid value. @ http://localhost:3001/settings:0
[   64906ms] [ERROR] Failed to load resource: net::ERR_FAILED @ http://localhost:3333/api/approvals?status=pending:0
[   66913ms] [ERROR] Access to fetch at 'http://localhost:3333/api/approvals?status=pending' from origin 'http://localhost:3001' has been blocked by CORS policy: The 'Access-Control-Allow-Origin' header has a value 'http://localhost:3000' that is not equal to the supplied origin. Have the server send the header with a valid value. @ http://localhost:3001/settings:0
[   66914ms] [ERROR] Failed to load resource: net::ERR_FAILED @ http://localhost:3333/api/approvals?status=pending:0
[   70704ms] [ERROR] Access to fetch at 'http://localhost:3333/api/health' from origin 'http://localhost:3001' has been blocked by CORS policy: No 'Access-Control-Allow-Origin' header is present on the requested resource. @ http://localhost:3001/settings:0
[   70705ms] [ERROR] Failed to load resource: net::ERR_FAILED @ http://localhost:3333/api/health:0
[   70924ms] [ERROR] Access to fetch at 'http://localhost:3333/api/approvals?status=pending' from origin 'http://localhost:3001' has been blocked by CORS policy: The 'Access-Control-Allow-Origin' header has a value 'http://localhost:3000' that is not equal to the supplied origin. Have the server send the header with a valid value. @ http://localhost:3001/settings:0
[   70924ms] [ERROR] Failed to load resource: net::ERR_FAILED @ http://localhost:3333/api/approvals?status=pending:0
[   72939ms] [ERROR] Access to fetch at 'http://localhost:3333/api/approvals?status=pending' from origin 'http://localhost:3001' has been blocked by CORS policy: The 'Access-Control-Allow-Origin' header has a value 'http://localhost:3000' that is not equal to the supplied origin. Have the server send the header with a valid value. @ http://localhost:3001/settings:0
[   72939ms] [ERROR] Failed to load resource: net::ERR_FAILED @ http://localhost:3333/api/approvals?status=pending:0
[   73948ms] [ERROR] Access to fetch at 'http://localhost:3333/api/approvals?status=pending' from origin 'http://localhost:3001' has been blocked by CORS policy: The 'Access-Control-Allow-Origin' header has a value 'http://localhost:3000' that is not equal to the supplied origin. Have the server send the header with a valid value. @ http://localhost:3001/settings:0
[   73948ms] [ERROR] Failed to load resource: net::ERR_FAILED @ http://localhost:3333/api/approvals?status=pending:0
[   75955ms] [ERROR] Access to fetch at 'http://localhost:3333/api/approvals?status=pending' from origin 'http://localhost:3001' has been blocked by CORS policy: The 'Access-Control-Allow-Origin' header has a value 'http://localhost:3000' that is not equal to the supplied origin. Have the server send the header with a valid value. @ http://localhost:3001/settings:0
[   75955ms] [ERROR] Failed to load resource: net::ERR_FAILED @ http://localhost:3333/api/approvals?status=pending:0
[   79963ms] [ERROR] Access to fetch at 'http://localhost:3333/api/approvals?status=pending' from origin 'http://localhost:3001' has been blocked by CORS policy: The 'Access-Control-Allow-Origin' header has a value 'http://localhost:3000' that is not equal to the supplied origin. Have the server send the header with a valid value. @ http://localhost:3001/settings:0
[   79963ms] [ERROR] Failed to load resource: net::ERR_FAILED @ http://localhost:3333/api/approvals?status=pending:0
[   80715ms] [ERROR] Access to fetch at 'http://localhost:3333/api/health' from origin 'http://localhost:3001' has been blocked by CORS policy: No 'Access-Control-Allow-Origin' header is present on the requested resource. @ http://localhost:3001/settings:0
[   80715ms] [ERROR] Failed to load resource: net::ERR_FAILED @ http://localhost:3333/api/health:0
[   81979ms] [ERROR] Access to fetch at 'http://localhost:3333/api/approvals?status=pending' from origin 'http://localhost:3001' has been blocked by CORS policy: The 'Access-Control-Allow-Origin' header has a value 'http://localhost:3000' that is not equal to the supplied origin. Have the server send the header with a valid value. @ http://localhost:3001/settings:0
[   81979ms] [ERROR] Failed to load resource: net::ERR_FAILED @ http://localhost:3333/api/approvals?status=pending:0
[   82989ms] [ERROR] Access to fetch at 'http://localhost:3333/api/approvals?status=pending' from origin 'http://localhost:3001' has been blocked by CORS policy: The 'Access-Control-Allow-Origin' header has a value 'http://localhost:3000' that is not equal to the supplied origin. Have the server send the header with a valid value. @ http://localhost:3001/settings:0
[   82989ms] [ERROR] Failed to load resource: net::ERR_FAILED @ http://localhost:3333/api/approvals?status=pending:0
[   84997ms] [ERROR] Access to fetch at 'http://localhost:3333/api/approvals?status=pending' from origin 'http://localhost:3001' has been blocked by CORS policy: The 'Access-Control-Allow-Origin' header has a value 'http://localhost:3000' that is not equal to the supplied origin. Have the server send the header with a valid value. @ http://localhost:3001/settings:0
[   84997ms] [ERROR] Failed to load resource: net::ERR_FAILED @ http://localhost:3333/api/approvals?status=pending:0
[   86890ms] [ERROR] WebSocket connection to 'ws://localhost:3001/_next/webpack-hmr' failed:  @ webpack-internal:///(app-pages-browser)/../../node_modules/.pnpm/next@15.5.18_@babel+core@7.29.7_@playwright+test@1.60.0_react-dom@19.2.6_react@19.2.6__react@19.2.6/node_modules/next/dist/client/dev/hot-reloader/app/use-websocket.js:41
[   89003ms] [ERROR] Failed to load resource: net::ERR_CONNECTION_REFUSED @ http://localhost:3333/api/approvals?status=pending:0
