[     842ms] [WARNING] Backgrounds Addon: could not find the default color "velin".
These are the available colors for your story based on your configuration:
light, dark. @ http://localhost:6011/sb-manager/globals-runtime.js:6448
[    8021ms] [WARNING] Backgrounds Addon: could not find the default color "velin".
These are the available colors for your story based on your configuration:
light, dark. @ http://localhost:6011/sb-manager/globals-runtime.js:6448
[    9064ms] [WARNING] Backgrounds Addon: could not find the default color "velin".
These are the available colors for your story based on your configuration:
light, dark. @ http://localhost:6011/sb-manager/globals-runtime.js:6448
[   10148ms] [WARNING] Backgrounds Addon: could not find the default color "velin".
These are the available colors for your story based on your configuration:
light, dark. @ http://localhost:6011/sb-manager/globals-runtime.js:6448
[   11107ms] [WARNING] Backgrounds Addon: could not find the default color "velin".
These are the available colors for your story based on your configuration:
light, dark. @ http://localhost:6011/sb-manager/globals-runtime.js:6448
[   12371ms] [WARNING] Backgrounds Addon: could not find the default color "velin".
These are the available colors for your story based on your configuration:
light, dark. @ http://localhost:6011/sb-manager/globals-runtime.js:6448
[   19465ms] [WARNING] Backgrounds Addon: could not find the default color "velin".
These are the available colors for your story based on your configuration:
light, dark. @ http://localhost:6011/sb-manager/globals-runtime.js:6448
[   21495ms] [WARNING] Backgrounds Addon: could not find the default color "velin".
These are the available colors for your story based on your configuration:
light, dark. @ http://localhost:6011/sb-manager/globals-runtime.js:6448
[   22324ms] [WARNING] Backgrounds Addon: could not find the default color "velin".
These are the available colors for your story based on your configuration:
light, dark. @ http://localhost:6011/sb-manager/globals-runtime.js:6448
[   23658ms] [WARNING] Backgrounds Addon: could not find the default color "velin".
These are the available colors for your story based on your configuration:
light, dark. @ http://localhost:6011/sb-manager/globals-runtime.js:6448
[   24259ms] [WARNING] Backgrounds Addon: could not find the default color "velin".
These are the available colors for your story based on your configuration:
light, dark. @ http://localhost:6011/sb-manager/globals-runtime.js:6448
[   24907ms] [WARNING] Backgrounds Addon: could not find the default color "velin".
These are the available colors for your story based on your configuration:
light, dark. @ http://localhost:6011/sb-manager/globals-runtime.js:6448
[   45498ms] [WARNING] Backgrounds Addon: could not find the default color "velin".
These are the available colors for your story based on your configuration:
light, dark. @ http://localhost:6011/sb-manager/globals-runtime.js:6448
[   45529ms] [WARNING] Backgrounds Addon: could not find the default color "velin".
These are the available colors for your story based on your configuration:
light, dark. @ http://localhost:6011/sb-manager/globals-runtime.js:6448
